// Vitest Snapshot v1

exports[`bookIdMap > should have all the books 1`] = `
Map {
  "en" => Map {
    "GEN" => {
      "commonName": "Genesis",
    },
    "EXO" => {
      "commonName": "Exodus",
    },
    "LEV" => {
      "commonName": "Leviticus",
    },
    "NUM" => {
      "commonName": "Numbers",
    },
    "DEU" => {
      "commonName": "Deuteronomy",
    },
    "JOS" => {
      "commonName": "Joshua",
    },
    "JDG" => {
      "commonName": "Judges",
    },
    "RUT" => {
      "commonName": "Ruth",
    },
    "1SA" => {
      "commonName": "1 Samuel",
    },
    "2SA" => {
      "commonName": "2 Samuel",
    },
    "1KI" => {
      "commonName": "1 Kings",
    },
    "2KI" => {
      "commonName": "2 Kings",
    },
    "1CH" => {
      "commonName": "1 Chronicles",
    },
    "2CH" => {
      "commonName": "2 Chronicles",
    },
    "EZR" => {
      "commonName": "Ezra",
    },
    "NEH" => {
      "commonName": "Nehemiah",
    },
    "EST" => {
      "commonName": "Esther",
    },
    "JOB" => {
      "commonName": "Job",
    },
    "PSA" => {
      "commonName": "Psalms",
    },
    "PRO" => {
      "commonName": "Proverbs",
    },
    "ECC" => {
      "commonName": "Ecclesiastes",
    },
    "SNG" => {
      "commonName": "Song of Songs",
    },
    "ISA" => {
      "commonName": "Isaiah",
    },
    "JER" => {
      "commonName": "Jeremiah",
    },
    "LAM" => {
      "commonName": "Lamentations",
    },
    "EZK" => {
      "commonName": "Ezekiel",
    },
    "DAN" => {
      "commonName": "Daniel",
    },
    "HOS" => {
      "commonName": "Hosea",
    },
    "JOL" => {
      "commonName": "Joel",
    },
    "AMO" => {
      "commonName": "Amos",
    },
    "OBA" => {
      "commonName": "Obadiah",
    },
    "JON" => {
      "commonName": "Jonah",
    },
    "MIC" => {
      "commonName": "Micah",
    },
    "NAM" => {
      "commonName": "Nahum",
    },
    "HAB" => {
      "commonName": "Habakkuk",
    },
    "ZEP" => {
      "commonName": "Zephaniah",
    },
    "HAG" => {
      "commonName": "Haggai",
    },
    "ZEC" => {
      "commonName": "Zechariah",
    },
    "MAL" => {
      "commonName": "Malachi",
    },
    "MAT" => {
      "commonName": "Matthew",
    },
    "MRK" => {
      "commonName": "Mark",
    },
    "LUK" => {
      "commonName": "Luke",
    },
    "JHN" => {
      "commonName": "John",
    },
    "ACT" => {
      "commonName": "Acts",
    },
    "ROM" => {
      "commonName": "Romans",
    },
    "1CO" => {
      "commonName": "1 Corinthians",
    },
    "2CO" => {
      "commonName": "2 Corinthians",
    },
    "GAL" => {
      "commonName": "Galatians",
    },
    "EPH" => {
      "commonName": "Ephesians",
    },
    "PHP" => {
      "commonName": "Philippians",
    },
    "COL" => {
      "commonName": "Colossians",
    },
    "1TH" => {
      "commonName": "1 Thessalonians",
    },
    "2TH" => {
      "commonName": "2 Thessalonians",
    },
    "1TI" => {
      "commonName": "1 Timothy",
    },
    "2TI" => {
      "commonName": "2 Timothy",
    },
    "TIT" => {
      "commonName": "Titus",
    },
    "PHM" => {
      "commonName": "Philemon",
    },
    "HEB" => {
      "commonName": "Hebrews",
    },
    "JAS" => {
      "commonName": "James",
    },
    "1PE" => {
      "commonName": "1 Peter",
    },
    "2PE" => {
      "commonName": "2 Peter",
    },
    "1JN" => {
      "commonName": "1 John",
    },
    "2JN" => {
      "commonName": "2 John",
    },
    "3JN" => {
      "commonName": "3 John",
    },
    "JUD" => {
      "commonName": "Jude",
    },
    "REV" => {
      "commonName": "Revelation",
    },
  },
  "en-US" => Map {
    "GEN" => {
      "commonName": "Genesis",
    },
    "EXO" => {
      "commonName": "Exodus",
    },
    "LEV" => {
      "commonName": "Leviticus",
    },
    "NUM" => {
      "commonName": "Numbers",
    },
    "DEU" => {
      "commonName": "Deuteronomy",
    },
    "JOS" => {
      "commonName": "Joshua",
    },
    "JDG" => {
      "commonName": "Judges",
    },
    "RUT" => {
      "commonName": "Ruth",
    },
    "1SA" => {
      "commonName": "1 Samuel",
    },
    "2SA" => {
      "commonName": "2 Samuel",
    },
    "1KI" => {
      "commonName": "1 Kings",
    },
    "2KI" => {
      "commonName": "2 Kings",
    },
    "1CH" => {
      "commonName": "1 Chronicles",
    },
    "2CH" => {
      "commonName": "2 Chronicles",
    },
    "EZR" => {
      "commonName": "Ezra",
    },
    "NEH" => {
      "commonName": "Nehemiah",
    },
    "EST" => {
      "commonName": "Esther",
    },
    "JOB" => {
      "commonName": "Job",
    },
    "PSA" => {
      "commonName": "Psalms",
    },
    "PRO" => {
      "commonName": "Proverbs",
    },
    "ECC" => {
      "commonName": "Ecclesiastes",
    },
    "SNG" => {
      "commonName": "Song of Songs",
    },
    "ISA" => {
      "commonName": "Isaiah",
    },
    "JER" => {
      "commonName": "Jeremiah",
    },
    "LAM" => {
      "commonName": "Lamentations",
    },
    "EZK" => {
      "commonName": "Ezekiel",
    },
    "DAN" => {
      "commonName": "Daniel",
    },
    "HOS" => {
      "commonName": "Hosea",
    },
    "JOL" => {
      "commonName": "Joel",
    },
    "AMO" => {
      "commonName": "Amos",
    },
    "OBA" => {
      "commonName": "Obadiah",
    },
    "JON" => {
      "commonName": "Jonah",
    },
    "MIC" => {
      "commonName": "Micah",
    },
    "NAM" => {
      "commonName": "Nahum",
    },
    "HAB" => {
      "commonName": "Habakkuk",
    },
    "ZEP" => {
      "commonName": "Zephaniah",
    },
    "HAG" => {
      "commonName": "Haggai",
    },
    "ZEC" => {
      "commonName": "Zechariah",
    },
    "MAL" => {
      "commonName": "Malachi",
    },
    "MAT" => {
      "commonName": "Matthew",
    },
    "MRK" => {
      "commonName": "Mark",
    },
    "LUK" => {
      "commonName": "Luke",
    },
    "JHN" => {
      "commonName": "John",
    },
    "ACT" => {
      "commonName": "Acts",
    },
    "ROM" => {
      "commonName": "Romans",
    },
    "1CO" => {
      "commonName": "1 Corinthians",
    },
    "2CO" => {
      "commonName": "2 Corinthians",
    },
    "GAL" => {
      "commonName": "Galatians",
    },
    "EPH" => {
      "commonName": "Ephesians",
    },
    "PHP" => {
      "commonName": "Philippians",
    },
    "COL" => {
      "commonName": "Colossians",
    },
    "1TH" => {
      "commonName": "1 Thessalonians",
    },
    "2TH" => {
      "commonName": "2 Thessalonians",
    },
    "1TI" => {
      "commonName": "1 Timothy",
    },
    "2TI" => {
      "commonName": "2 Timothy",
    },
    "TIT" => {
      "commonName": "Titus",
    },
    "PHM" => {
      "commonName": "Philemon",
    },
    "HEB" => {
      "commonName": "Hebrews",
    },
    "JAS" => {
      "commonName": "James",
    },
    "1PE" => {
      "commonName": "1 Peter",
    },
    "2PE" => {
      "commonName": "2 Peter",
    },
    "1JN" => {
      "commonName": "1 John",
    },
    "2JN" => {
      "commonName": "2 John",
    },
    "3JN" => {
      "commonName": "3 John",
    },
    "JUD" => {
      "commonName": "Jude",
    },
    "REV" => {
      "commonName": "Revelation",
    },
  },
}
`;
