// Jest Snapshot v1, https://goo.gl/fbAQLP

exports[`UsfmParser parse() Bible should consistently parse arbnav/02-GENarbnav.usfm 1`] = `"529e1cf99d0d8fe07f334b5af807ee0eecb69816654e2e24f1dd2ca418ea451a"`;

exports[`UsfmParser parse() Bible should consistently parse arbnav/70-MATarbnav.usfm 1`] = `"1cb557c303cc51c7d0a50ef5f56d9f4abb33431dbd486ae75ef0c7ebcf4302bb"`;

exports[`UsfmParser parse() Bible should consistently parse bsb/01GENBSB.usfm 1`] = `"9e995eca8413599ea6d41daf94334f8a6aa3c67ce5cbb1f11f161608ed61c17d"`;

exports[`UsfmParser parse() Bible should consistently parse bsb/02EXOBSB.usfm 1`] = `"77ba9ecd8cd739620ef456c908bfbaf3828098569650f1ff4ce1b2af49823f98"`;

exports[`UsfmParser parse() Bible should consistently parse bsb/03LEVBSB.usfm 1`] = `"c7a02a57cfe98ecd18e06a8b6b21e6ad6dd061e307ef7c45e0428e5d9d2a5c3b"`;

exports[`UsfmParser parse() Bible should consistently parse bsb/04NUMBSB.usfm 1`] = `"ef00cd913ac108ac47636de18d9871ee703e0f3e176b0737d4cd52a97aa9967f"`;

exports[`UsfmParser parse() Bible should consistently parse bsb/05DEUBSB.usfm 1`] = `"2f63f90a1abbf234f514500029fe25bfea7c095f0c998065a614dc4718ad9e13"`;

exports[`UsfmParser parse() Bible should consistently parse bsb/06JOSBSB.usfm 1`] = `"6087102b430a0b243f57559d38e42d18a804b8c12b02b1f6cbc4eab80b7a42b3"`;

exports[`UsfmParser parse() Bible should consistently parse bsb/07JDGBSB.usfm 1`] = `"4ecd3ae44d5062c53f88d0cc759cb3f7cc49d25b591ad5e25f1162a4aa85bb9d"`;

exports[`UsfmParser parse() Bible should consistently parse bsb/08RUTBSB.usfm 1`] = `"127d5b0a3d85911e136ec12ae05f2f941fecaa57bab1331f42d1a601f5317736"`;

exports[`UsfmParser parse() Bible should consistently parse bsb/091SABSB.usfm 1`] = `"49fca11c40f3e820d98f2fcea823ebe6835002100ab3ce3d90bac14881707f25"`;

exports[`UsfmParser parse() Bible should consistently parse bsb/15EZRBSB.usfm 1`] = `"568556378f51a9999bbe831db6865dd9740edef4cff56d2d6dbb7300efae57a6"`;

exports[`UsfmParser parse() Bible should consistently parse bsb/16NEHBSB.usfm 1`] = `"6c11e1816caadc6dfb57e207fff2a8b619228c2975fe6eade47ef09af4239476"`;

exports[`UsfmParser parse() Bible should consistently parse bsb/17ESTBSB.usfm 1`] = `"2f1c38a4256229b00e8969891284c6fb242c567edf09ee81b348ab85d9184f5b"`;

exports[`UsfmParser parse() Bible should consistently parse bsb/18JOBBSB.usfm 1`] = `"28fa5c179adbaccbd18b552e60d44f36633cd077dc8099c7a854fd177ea8aa5d"`;

exports[`UsfmParser parse() Bible should consistently parse bsb/19PSABSB.usfm 1`] = `"9f306a4aca9389845fa3f7e9e1bd6a80ac6fd7426a396db7e93119fe4730e383"`;

exports[`UsfmParser parse() Bible should consistently parse bsb/41MATBSB.usfm 1`] = `"b133bea447c900fedac8d63bdfdb6b6d2964a567de46ed9e6ae847d895773e53"`;

exports[`UsfmParser parse() Bible should consistently parse bsb/102SABSB.usfm 1`] = `"4361e22bc484992ccbe11bef688dad7b333753846bddc9e75cfbf5ce6e90723c"`;

exports[`UsfmParser parse() Bible should consistently parse bsb/111KIBSB.usfm 1`] = `"af36b2f43d2ed1861641d84b833af71f3baa94b216ce53e20241bb1a76495959"`;

exports[`UsfmParser parse() Bible should consistently parse bsb/122KIBSB.usfm 1`] = `"8a802799a956311763ab8db4a8ece64b3e54d5412322077b5a136f8fb797fb63"`;

exports[`UsfmParser parse() Bible should consistently parse bsb/131CHBSB.usfm 1`] = `"6b7be729fb364e3fb3d22a533330e792bba79c31a247f2c1de4dc875a6e8423d"`;

exports[`UsfmParser parse() Bible should consistently parse bsb/142CHBSB.usfm 1`] = `"270b4bde000c65390cd57ecdff89ba58aba36bce0d906fb12ef1cefba730b70f"`;

exports[`UsfmParser parse() Bible should consistently parse engwebp/02-GENengwebp.usfm 1`] = `"2bf30f914b82d8660866999731d63035d2d978d74bc885c4103050504f72839e"`;

exports[`UsfmParser parse() Bible should consistently parse engwebp/03-EXOengwebp.usfm 1`] = `"66d2ec1409019d7f092578bea36b7588f8889efe930bdaf81c36faba77d34075"`;

exports[`UsfmParser parse() Bible should consistently parse engwebp/70-MATengwebp.usfm 1`] = `"25ddc9e4a35888c4c6653cb7472dc92bc8ee6a3c299e30b3a1ff69eb424bbb18"`;

exports[`UsfmParser parse() Bible should consistently parse grcbre/usfm/gen.usfm 1`] = `"b5db277987791dff86bf9cb22980989b227cffa9414b762f2eb0c8c8acb55f62"`;

exports[`UsfmParser parse() Bible should consistently parse grctcg/usfm/mat.usfm 1`] = `"a90bba22c2ad705f138873ce0a739d06ebcdfeac98b8476050172875369bc3d0"`;

exports[`UsfmParser parse() Bible should consistently parse hbomas/usfm/gen.usfm 1`] = `"94bdd3630b41790e1b27ec8b9e76ed2b25ba0eee7cb611ecd120b13c5e08a118"`;

exports[`UsfmParser parse() Bible should consistently parse hinirv/usfm/gen.usfm 1`] = `"019694a656ecebed687484bffc8a9f495ba943b4a8d65c83ac2afa8322af490e"`;

exports[`UsfmParser parse() Bible should consistently parse hinirv/usfm/mat.usfm 1`] = `"b91695a092283bd71fd4b02a76da1160b4ab5792471992ce34f6414c29e25b21"`;

exports[`UsfmParser renderMarkdown() should create basic markdown from a parse tree 1`] = `
"# Genesis
### 1
<em>1</em>In the beginning God created the heavens and the earth. 
<em>2</em>Now the earth was formless and void, and darkness was over the surface of the deep. And the Spirit of God was hovering over the surface of the waters. 
<em>3</em>And God said, “Let there be light,” and there was light. 
### 2
<em>1</em>Thus the heavens and the earth were completed in all their vast array. 
"
`;
