// Jest Snapshot v1, https://goo.gl/fbAQLP

exports[`UsfmParser parse() Bible should consistently parse arbnav/02-GENarbnav.usfm 1`] = `"529e1cf99d0d8fe07f334b5af807ee0eecb69816654e2e24f1dd2ca418ea451a"`;

exports[`UsfmParser parse() Bible should consistently parse arbnav/70-MATarbnav.usfm 1`] = `"1cb557c303cc51c7d0a50ef5f56d9f4abb33431dbd486ae75ef0c7ebcf4302bb"`;

exports[`UsfmParser parse() Bible should consistently parse bsb/01GENBSB.usfm 1`] = `"42d31a41e3e29d7dcef5d2aef1cae806628fefed54930fd9111fca5227d2cada"`;

exports[`UsfmParser parse() Bible should consistently parse bsb/02EXOBSB.usfm 1`] = `"310c8536c090719bd4cffea18e07b9ec3a0e44ba3355598faeadd47b7489626f"`;

exports[`UsfmParser parse() Bible should consistently parse bsb/03LEVBSB.usfm 1`] = `"7381eaeca97b4ac7b38d3fbb6c12a34486524413929e9d2089c662793790f13f"`;

exports[`UsfmParser parse() Bible should consistently parse bsb/04NUMBSB.usfm 1`] = `"ce88277b7b62b18cfce257ba96b12d36cc18f56948944e7359e3a1264d1fa428"`;

exports[`UsfmParser parse() Bible should consistently parse bsb/05DEUBSB.usfm 1`] = `"1750e9b878b71670c87b28bb263cccbbc71f9aa8bf0b5c892fdcaddf6b76f643"`;

exports[`UsfmParser parse() Bible should consistently parse bsb/06JOSBSB.usfm 1`] = `"71f0ba6394e80f4a3d2c3e3a04c94a4fa20979f3322563fb59e0f271ba07b52d"`;

exports[`UsfmParser parse() Bible should consistently parse bsb/07JDGBSB.usfm 1`] = `"9c094b57369d4df1ce5fef70ac9ce6cd3778446ef1c62b227dc4153ad12bf9d8"`;

exports[`UsfmParser parse() Bible should consistently parse bsb/08RUTBSB.usfm 1`] = `"2ca5e2fd1b9deb3cec27981be1b6d1c619bc1141a23370eb786576fed80471ad"`;

exports[`UsfmParser parse() Bible should consistently parse bsb/091SABSB.usfm 1`] = `"0339a3d70e59483c11492569563af96d0e52f3af59a983c940cd4be607168923"`;

exports[`UsfmParser parse() Bible should consistently parse bsb/15EZRBSB.usfm 1`] = `"67e4d9668c1110812507d9edf118bc79873ff9dc3e321562f94237d384e1f6d7"`;

exports[`UsfmParser parse() Bible should consistently parse bsb/16NEHBSB.usfm 1`] = `"e398eafc7954a7bb22bc1e9e792a502504481abcf1812d572459c651e8745d5e"`;

exports[`UsfmParser parse() Bible should consistently parse bsb/17ESTBSB.usfm 1`] = `"215a9c574466891b5b81a3038ace641fd276db7ad2bc72a2f614109e59e07ff4"`;

exports[`UsfmParser parse() Bible should consistently parse bsb/18JOBBSB.usfm 1`] = `"1b4c5e3a2553ff3789c607cf13e72569974dbd6b3511074b4ecde0c783b55a6a"`;

exports[`UsfmParser parse() Bible should consistently parse bsb/19PSABSB.usfm 1`] = `"458c56ff6a8c08afc91f5f8c9238b2f85906e018a79cad2cb366c44514e85f57"`;

exports[`UsfmParser parse() Bible should consistently parse bsb/41MATBSB.usfm 1`] = `"915f9e16f4444014e1736cd74861c7d0fd3611bda5fb4e5ff17ccf57cd00678b"`;

exports[`UsfmParser parse() Bible should consistently parse bsb/102SABSB.usfm 1`] = `"eec0c40b161040c5469b97a47d52fbdd289c6e01828eb57448ba4ee8999d6b22"`;

exports[`UsfmParser parse() Bible should consistently parse bsb/111KIBSB.usfm 1`] = `"902a32d3ce450689e112c94f83bbec920da1c7c4c58e79ee260386a557c4fb5e"`;

exports[`UsfmParser parse() Bible should consistently parse bsb/122KIBSB.usfm 1`] = `"62f703ff40e5617853ac1d3fe2045662a168551c7bef94ab1249bed7ac07f32f"`;

exports[`UsfmParser parse() Bible should consistently parse bsb/131CHBSB.usfm 1`] = `"8e1cd798c84661845cabbc8d2f143fe4f98774d93ed07f83140641b049575551"`;

exports[`UsfmParser parse() Bible should consistently parse bsb/142CHBSB.usfm 1`] = `"c8ce793a3d2086f4297ccd5d17f3c8167255f123d1586f5de9a59fde758ad7e0"`;

exports[`UsfmParser parse() Bible should consistently parse engwebp/02-GENengwebp.usfm 1`] = `"3e5cb837b3e801cdedd1edea8cbf25a310de1f0416f08a1dac79ab79bdc02afc"`;

exports[`UsfmParser parse() Bible should consistently parse engwebp/03-EXOengwebp.usfm 1`] = `"80c78eb2a93460bccbab64a7b3d5066f6b8822496bbf80338fb1dee3f73b25a9"`;

exports[`UsfmParser parse() Bible should consistently parse engwebp/70-MATengwebp.usfm 1`] = `"166651b34eab23e6ab6e7620e05135a6a1a7a66b37101bebf5859fa3fe776c1d"`;

exports[`UsfmParser parse() Bible should consistently parse grcbre/usfm/gen.usfm 1`] = `"fbf398ecad8159bc23d4ee3b9062b5623858acd99a4561e16df47afebe28844b"`;

exports[`UsfmParser parse() Bible should consistently parse grctcg/usfm/mat.usfm 1`] = `"5211831c1001ae19aa1e590e2aed49e3e2c55c7f05fda7b114e74cead083ef6c"`;

exports[`UsfmParser parse() Bible should consistently parse hbomas/usfm/gen.usfm 1`] = `"94bdd3630b41790e1b27ec8b9e76ed2b25ba0eee7cb611ecd120b13c5e08a118"`;

exports[`UsfmParser parse() Bible should consistently parse hinirv/usfm/gen.usfm 1`] = `"019694a656ecebed687484bffc8a9f495ba943b4a8d65c83ac2afa8322af490e"`;

exports[`UsfmParser parse() Bible should consistently parse hinirv/usfm/mat.usfm 1`] = `"b91695a092283bd71fd4b02a76da1160b4ab5792471992ce34f6414c29e25b21"`;

exports[`UsfmParser renderMarkdown() should create basic markdown from a parse tree 1`] = `
"# Genesis
### 1
<em>1</em>In the beginning God created the heavens and the earth. 
<em>2</em>Now the earth was formless and void, and darkness was over the surface of the deep. And the Spirit of God was hovering over the surface of the waters. 
<em>3</em>And God said, “Let there be light,” and there was light. 
### 2
<em>1</em>Thus the heavens and the earth were completed in all their vast array. 
"
`;
